2026.05.10 10:52:56 INFO  Started: Metals version 1.6.7 in folders '/home/v-guhan-techy/projects/Notification-Scala-Pet/server/notification-server' for client Visual Studio Code 1.118.1.[0m
2026.05.10 10:52:56 INFO  Memory monitor started[0m
2026.05.10 10:52:56 WARN  Using H2 2.4.240 which is newer than the version Flyway has been verified with. The latest verified version of H2 is 2.3.232.[0m
May 10, 2026 10:53:15 AM org.eclipse.lsp4j.jsonrpc.services.GenericEndpoint notify
INFO: Unsupported notification method: $/setTrace
May 10, 2026 10:53:15 AM org.eclipse.lsp4j.jsonrpc.services.GenericEndpoint notify
INFO: Unsupported notification method: $/setTrace
May 10, 2026 10:53:16 AM org.eclipse.lsp4j.jsonrpc.services.GenericEndpoint notify
INFO: Unsupported notification method: $/setTrace
2026.05.10 10:53:29 INFO  running '/home/v-guhan-techy/.sdkman/candidates/sbt/current/bin/sbt -Dbloop.export-jar-classifiers=sources bloopInstall'[0m
2026.05.10 10:53:29 INFO  no build target found for /home/v-guhan-techy/projects/Notification-Scala-Pet/server/notification-server/project/metals.sbt. Using presentation compiler with project's scala-library version: 3.3.7[0m
2026.05.10 10:53:29 WARN  no build target for: /home/v-guhan-techy/projects/Notification-Scala-Pet/server/notification-server/project/metals.sbt[0m
2026.05.10 10:53:29 WARN  no build target for: /home/v-guhan-techy/projects/Notification-Scala-Pet/server/notification-server/project/project/metals.sbt[0m
2026.05.10 10:53:29 INFO  skipping build import with status 'Dismissed'[0m
2026.05.10 10:53:30 INFO  [info] welcome to sbt 1.12.11 (Eclipse Adoptium Java 21)[0m
2026.05.10 10:53:31 INFO  no build target found for /home/v-guhan-techy/projects/Notification-Scala-Pet/server/notification-server/project/project/metals.sbt. Using presentation compiler with project's scala-library version: 3.3.7[0m
2026.05.10 10:53:31 INFO  [info] loading settings for project notification-server-build-build-build from metals.sbt...[0m
2026.05.10 10:53:31 INFO  [info] loading project definition from /home/v-guhan-techy/projects/Notification-Scala-Pet/server/notification-server/project/project/project[0m
2026.05.10 10:53:33 INFO  [info] loading settings for project notification-server-build-build from metals.sbt...[0m
2026.05.10 10:53:33 INFO  [info] loading project definition from /home/v-guhan-techy/projects/Notification-Scala-Pet/server/notification-server/project/project[0m
2026.05.10 10:53:36 INFO  [success] Generated .bloop/notification-server-build-build.json[0m
2026.05.10 10:53:36 INFO  [success] Total time: 2 s, completed May 10, 2026, 10:53:36 AM[0m
2026.05.10 10:53:36 INFO  [info] loading settings for project notification-server-build from metals.sbt, plugins.sbt...[0m
2026.05.10 10:53:36 INFO  [info] loading project definition from /home/v-guhan-techy/projects/Notification-Scala-Pet/server/notification-server/project[0m
2026.05.10 10:53:38 INFO  [success] Generated .bloop/notification-server-build.json[0m
2026.05.10 10:53:38 INFO  [success] Total time: 2 s, completed May 10, 2026, 10:53:39 AM[0m
2026.05.10 10:53:40 INFO  [info] loading settings for project root from build.sbt...[0m
2026.05.10 10:53:40 INFO  [info]   __              __[0m
2026.05.10 10:53:40 INFO  [info]   \ \     ____   / /____ _ __  __[0m
2026.05.10 10:53:40 INFO  [info]    \ \   / __ \ / // __ `// / / /[0m
2026.05.10 10:53:40 INFO  [info]    / /  / /_/ // // /_/ // /_/ /[0m
2026.05.10 10:53:40 INFO  [info]   /_/  / .___//_/ \__,_/ \__, /[0m
2026.05.10 10:53:40 INFO  [info]       /_/               /____/[0m
2026.05.10 10:53:40 INFO  [info] [0m
2026.05.10 10:53:40 INFO  [info] Version 2.9.5 running Java 21[0m
2026.05.10 10:53:40 INFO  [info] [0m
2026.05.10 10:53:40 INFO  [info] Play is run entirely by the community. Please consider contributing and/or donating:[0m
2026.05.10 10:53:40 INFO  [info] https://www.playframework.com/sponsors[0m
2026.05.10 10:53:40 INFO  [info] [0m
2026.05.10 10:53:42 INFO  [success] Generated .bloop/root.json[0m
2026.05.10 10:53:42 INFO  [success] Generated .bloop/root-test.json[0m
2026.05.10 10:53:42 INFO  [success] Total time: 2 s, completed May 10, 2026, 10:53:42 AM[0m
2026.05.10 10:53:43 INFO  time: ran 'sbt bloopInstall' in 13s[0m
2026.05.10 10:53:43 INFO  Attempting to connect to the build server...[0m
2026.05.10 10:53:43 INFO  Found a Bloop server running[0m
2026.05.10 10:53:43 INFO  tracing is disabled for protocol BSP, to enable tracing of incoming and outgoing JSON messages create an empty file at /home/v-guhan-techy/projects/Notification-Scala-Pet/server/notification-server/.metals/bsp.trace.json or /home/v-guhan-techy/.cache/metals/bsp.trace.json[0m
2026.05.10 10:53:43 INFO  Attempting to connect to the build server...[0m
2026.05.10 10:53:43 INFO  Found a Bloop server running[0m
2026.05.10 10:53:43 INFO  Attempting to connect to the build server...[0m
2026.05.10 10:53:43 INFO  Found a Bloop server running[0m
2026.05.10 10:53:43 INFO  tracing is disabled for protocol BSP, to enable tracing of incoming and outgoing JSON messages create an empty file at /home/v-guhan-techy/projects/Notification-Scala-Pet/server/notification-server/project/project/.metals/bsp.trace.json or /home/v-guhan-techy/.cache/metals/bsp.trace.json[0m
2026.05.10 10:53:43 INFO  tracing is disabled for protocol BSP, to enable tracing of incoming and outgoing JSON messages create an empty file at /home/v-guhan-techy/projects/Notification-Scala-Pet/server/notification-server/project/.metals/bsp.trace.json or /home/v-guhan-techy/.cache/metals/bsp.trace.json[0m
2026.05.10 10:53:45 INFO  time: Connected to build server in 2.55s[0m
2026.05.10 10:53:45 INFO  Connected to Build server: Bloop v2.0.19[0m
2026.05.10 10:53:49 WARN  Using H2 2.4.240 which is newer than the version Flyway has been verified with. The latest verified version of H2 is 2.3.232.[0m
2026.05.10 10:53:59 INFO  time: indexed workspace in 13s[0m
2026.05.10 10:54:24 INFO  Shutting down server[0m
2026.05.10 10:54:24 INFO  Memory monitor stopped[0m
2026.05.10 10:54:24 INFO  shutting down Metals[0m
2026.05.10 10:54:24 INFO  Shut down connection with build server.[0m
2026.05.10 10:54:24 INFO  Shut down connection with build server.[0m
2026.05.10 10:54:24 INFO  Shut down connection with build server.[0m
2026.05.10 10:54:24 INFO  Exiting server[0m
2026.05.10 10:54:31 INFO  Started: Metals version 1.6.7 in folders '/home/v-guhan-techy/projects/Notification-Scala-Pet/server/notification-server' for client Visual Studio Code 1.118.1.
2026.05.10 10:54:31 INFO  Memory monitor started
2026.05.10 10:54:31 WARN  Using H2 2.4.240 which is newer than the version Flyway has been verified with. The latest verified version of H2 is 2.3.232.
2026.05.10 10:54:32 INFO  Attempting to connect to the build server...
2026.05.10 10:54:32 INFO  Found a Bloop server running
2026.05.10 10:54:32 INFO  tracing is disabled for protocol BSP, to enable tracing of incoming and outgoing JSON messages create an empty file at /home/v-guhan-techy/projects/Notification-Scala-Pet/server/notification-server/.metals/bsp.trace.json or /home/v-guhan-techy/.cache/metals/bsp.trace.json
2026.05.10 10:54:31 INFO  Attempting to connect to the build server...
2026.05.10 10:54:31 INFO  Found a Bloop server running
2026.05.10 10:54:31 INFO  Attempting to connect to the build server...
2026.05.10 10:54:31 INFO  Found a Bloop server running
2026.05.10 10:54:32 INFO  tracing is disabled for protocol BSP, to enable tracing of incoming and outgoing JSON messages create an empty file at /home/v-guhan-techy/projects/Notification-Scala-Pet/server/notification-server/project/project/.metals/bsp.trace.json or /home/v-guhan-techy/.cache/metals/bsp.trace.json
2026.05.10 10:54:32 INFO  tracing is disabled for protocol BSP, to enable tracing of incoming and outgoing JSON messages create an empty file at /home/v-guhan-techy/projects/Notification-Scala-Pet/server/notification-server/project/.metals/bsp.trace.json or /home/v-guhan-techy/.cache/metals/bsp.trace.json
2026.05.10 10:54:32 INFO  time: Connected to build server in 0.32s
2026.05.10 10:54:32 INFO  Connected to Build server: Bloop v2.0.19
2026.05.10 10:54:35 WARN  Using H2 2.4.240 which is newer than the version Flyway has been verified with. The latest verified version of H2 is 2.3.232.
2026.05.10 10:54:35 INFO  time: indexed workspace in 3.3s
2026.05.10 10:55:03 INFO  Shutting down server
2026.05.10 10:55:03 INFO  Memory monitor stopped
2026.05.10 10:55:03 INFO  shutting down Metals
2026.05.10 10:55:03 INFO  Shut down connection with build server.
2026.05.10 10:55:03 INFO  Shut down connection with build server.
2026.05.10 10:55:03 INFO  Shut down connection with build server.
2026.05.10 10:55:03 INFO  Exiting server
2026.05.10 10:58:25 INFO  Started: Metals version 1.6.7 in folders '/home/v-guhan-techy/projects/Notification-Scala-Pet/notification-server' for client Visual Studio Code 1.118.1.
2026.05.10 10:58:25 INFO  Memory monitor started
2026.05.10 10:58:26 WARN  Using H2 2.4.240 which is newer than the version Flyway has been verified with. The latest verified version of H2 is 2.3.232.
2026.05.10 10:58:26 INFO  Attempting to connect to the build server...
2026.05.10 10:58:26 INFO  Found a Bloop server running
2026.05.10 10:58:26 INFO  tracing is disabled for protocol BSP, to enable tracing of incoming and outgoing JSON messages create an empty file at /home/v-guhan-techy/projects/Notification-Scala-Pet/notification-server/.metals/bsp.trace.json or /home/v-guhan-techy/.cache/metals/bsp.trace.json
2026.05.10 10:58:26 INFO  Attempting to connect to the build server...
2026.05.10 10:58:26 INFO  Found a Bloop server running
2026.05.10 10:58:26 INFO  Attempting to connect to the build server...
2026.05.10 10:58:26 INFO  Found a Bloop server running
2026.05.10 10:58:26 INFO  tracing is disabled for protocol BSP, to enable tracing of incoming and outgoing JSON messages create an empty file at /home/v-guhan-techy/projects/Notification-Scala-Pet/notification-server/project/project/.metals/bsp.trace.json or /home/v-guhan-techy/.cache/metals/bsp.trace.json
2026.05.10 10:58:26 INFO  tracing is disabled for protocol BSP, to enable tracing of incoming and outgoing JSON messages create an empty file at /home/v-guhan-techy/projects/Notification-Scala-Pet/notification-server/project/.metals/bsp.trace.json or /home/v-guhan-techy/.cache/metals/bsp.trace.json
2026.05.10 10:58:26 INFO  time: Connected to build server in 0.33s
2026.05.10 10:58:26 INFO  Connected to Build server: Bloop v2.0.19
2026.05.10 10:58:26 INFO  time: Imported build in 0.14s
May 10, 2026 10:58:27 AM org.eclipse.lsp4j.jsonrpc.services.GenericEndpoint notify
INFO: Unsupported notification method: $/setTrace
2026.05.10 10:58:28 WARN  Using H2 2.4.240 which is newer than the version Flyway has been verified with. The latest verified version of H2 is 2.3.232.
2026.05.10 10:58:28 INFO  time: indexed workspace in 2.94s
2026.05.10 10:59:22 INFO  Shutting down server
2026.05.10 10:59:22 INFO  Memory monitor stopped
2026.05.10 10:59:22 INFO  shutting down Metals
2026.05.10 10:59:22 INFO  Shut down connection with build server.
2026.05.10 10:59:22 INFO  Shut down connection with build server.
2026.05.10 10:59:22 INFO  Shut down connection with build server.
2026.05.10 10:59:22 INFO  Exiting server
