2026.05.10 11:00:16 INFO  Started: Metals version 1.6.7 in folders '/home/v-guhan-techy/projects/Notification-Scala-Pet' for client Visual Studio Code 1.118.1.
2026.05.10 11:00:16 INFO  Memory monitor started
2026.05.10 11:00:16 WARN  Using H2 2.4.240 which is newer than the version Flyway has been verified with. The latest verified version of H2 is 2.3.232.
2026.05.10 11:00:17 INFO  no build target found for /home/v-guhan-techy/projects/Notification-Scala-Pet/notification-server/app/models/UserActivityEvent.scala. Using presentation compiler with project's scala-library version: 3.3.7
2026.05.10 11:00:17 INFO  Attempting to connect to the build server...
2026.05.10 11:00:17 INFO  Found a Bloop server running
2026.05.10 11:00:17 INFO  tracing is disabled for protocol BSP, to enable tracing of incoming and outgoing JSON messages create an empty file at /home/v-guhan-techy/projects/Notification-Scala-Pet/.metals/bsp.trace.json or /home/v-guhan-techy/.cache/metals/bsp.trace.json
2026.05.10 11:00:17 INFO  time: Connected to build server in 0.27s
2026.05.10 11:00:17 INFO  Connected to Build server: Bloop v2.0.19
2026.05.10 11:00:17 INFO  time: Imported build in 0.1s
2026.05.10 11:00:19 WARN  Using H2 2.4.240 which is newer than the version Flyway has been verified with. The latest verified version of H2 is 2.3.232.
2026.05.10 11:00:25 INFO  time: indexed workspace in 7.2s
2026.05.10 11:00:25 WARN  no build target for: /home/v-guhan-techy/projects/Notification-Scala-Pet/notification-server/app/models/UserActivityEvent.scala
2026.05.10 11:00:25 INFO  no build target found for /home/v-guhan-techy/projects/Notification-Scala-Pet/notification-server/app/models/UserActivityEvent.scala. Using presentation compiler with project's scala-library version: 2.13.18
2026.05.10 11:00:25 INFO  no build target found for /home/v-guhan-techy/projects/Notification-Scala-Pet/notification-server/app/models/UserActivityEvent.scala. Using presentation compiler with project's scala-library version: 2.13.18
2026.05.10 11:00:25 WARN  no build target for: /home/v-guhan-techy/projects/Notification-Scala-Pet/notification-server/app/models/UserActivityEvent.scala
2026.05.10 11:00:27 INFO  no build target found for /home/v-guhan-techy/projects/Notification-Scala-Pet/notification-server/app/models/UserActivityEvent.scala. Using presentation compiler with project's scala-library version: 2.13.18
2026.05.10 11:06:36 INFO  no build target found for /home/v-guhan-techy/projects/Notification-Scala-Pet/notification-server/app/models/UserActivityEvent.scala. Using presentation compiler with project's scala-library version: 2.13.18
2026.05.10 11:06:40 INFO  no build target found for /home/v-guhan-techy/projects/Notification-Scala-Pet/notification-server/app/models/UserActivityEvent.scala. Using presentation compiler with project's scala-library version: 2.13.18
2026.05.10 11:11:39 INFO  no build target found for /home/v-guhan-techy/projects/Notification-Scala-Pet/notification-server/app/services/KafkaPublisher.scala. Using presentation compiler with project's scala-library version: 2.13.18
2026.05.10 11:11:39 WARN  no build target for: /home/v-guhan-techy/projects/Notification-Scala-Pet/notification-server/app/services/KafkaPublisher.scala
2026.05.10 11:11:39 INFO  no build target found for /home/v-guhan-techy/projects/Notification-Scala-Pet/notification-server/app/services/KafkaPublisher.scala. Using presentation compiler with project's scala-library version: 2.13.18
2026.05.10 11:11:39 INFO  no build target found for /home/v-guhan-techy/projects/Notification-Scala-Pet/notification-server/app/services/KafkaPublisher.scala. Using presentation compiler with project's scala-library version: 2.13.18
2026.05.10 11:11:39 INFO  no build target found for /home/v-guhan-techy/projects/Notification-Scala-Pet/notification-server/app/services/KafkaPublisher.scala. Using presentation compiler with project's scala-library version: 2.13.18
May 10, 2026 11:11:39 AM org.eclipse.lsp4j.jsonrpc.RemoteEndpoint handleCancellation
WARNING: Unmatched cancel notification for request id 14
2026.05.10 11:11:39 INFO  no build target found for /home/v-guhan-techy/projects/Notification-Scala-Pet/notification-server/app/services/KafkaPublisher.scala. Using presentation compiler with project's scala-library version: 2.13.18
2026.05.10 17:45:53 INFO  Started: Metals version 1.6.7 in folders '/home/v-guhan-techy/projects/Notification-Scala-Pet' for client Visual Studio Code 1.118.1.
2026.05.10 17:45:53 INFO  Memory monitor started
2026.05.10 17:45:57 WARN  Using H2 2.4.240 which is newer than the version Flyway has been verified with. The latest verified version of H2 is 2.3.232.
2026.05.10 17:45:57 INFO  no build target found for /home/v-guhan-techy/projects/Notification-Scala-Pet/notification-server/app/services/KafkaPublisher.scala. Using presentation compiler with project's scala-library version: 3.3.7
May 10, 2026 5:45:57 PM org.eclipse.lsp4j.jsonrpc.RemoteEndpoint handleCancellation
WARNING: Unmatched cancel notification for request id 2
2026.05.10 17:45:57 INFO  no build target found for /home/v-guhan-techy/projects/Notification-Scala-Pet/notification-server/app/services/KafkaPublisher.scala. Using presentation compiler with project's scala-library version: 3.3.7
2026.05.10 17:45:57 INFO  no build target found for /home/v-guhan-techy/projects/Notification-Scala-Pet/notification-server/app/services/KafkaPublisher.scala. Using presentation compiler with project's scala-library version: 3.3.7
2026.05.10 17:45:57 INFO  Attempting to connect to the build server...
2026.05.10 17:45:57 INFO  No running Bloop server found, starting one.
2026.05.10 17:45:58 INFO  no build target found for /home/v-guhan-techy/projects/Notification-Scala-Pet/notification-server/app/services/KafkaPublisher.scala. Using presentation compiler with project's scala-library version: 3.3.7
2026.05.10 17:45:58 INFO  Starting compilation server
2026.05.10 17:45:59 INFO  tracing is disabled for protocol BSP, to enable tracing of incoming and outgoing JSON messages create an empty file at /home/v-guhan-techy/projects/Notification-Scala-Pet/.metals/bsp.trace.json or /home/v-guhan-techy/.cache/metals/bsp.trace.json
2026.05.10 17:45:59 INFO  time: Connected to build server in 1.84s
2026.05.10 17:45:59 INFO  Connected to Build server: Bloop v2.0.19
2026.05.10 17:45:59 INFO  time: Imported build in 0.16s
2026.05.10 17:46:04 WARN  Using H2 2.4.240 which is newer than the version Flyway has been verified with. The latest verified version of H2 is 2.3.232.
2026.05.10 17:46:04 INFO  time: indexed workspace in 5.72s
2026.05.10 17:46:05 INFO  no build target found for /home/v-guhan-techy/projects/Notification-Scala-Pet/notification-server/app/services/KafkaPublisher.scala. Using presentation compiler with project's scala-library version: 2.13.18
2026.05.10 17:46:05 WARN  no build target for: /home/v-guhan-techy/projects/Notification-Scala-Pet/notification-server/app/services/KafkaPublisher.scala
2026.05.10 17:46:06 INFO  time: code lens generation in 1.03s
2026.05.10 17:46:06 INFO  time: code lens generation in 1.03s
2026.05.10 17:47:10 INFO  no build target found for /home/v-guhan-techy/projects/Notification-Scala-Pet/notification-server/app/Tables/UserActivityEventTable.sc. Using presentation compiler with project's scala-library version: 2.13.18
2026.05.10 17:47:10 INFO  no build target found for /home/v-guhan-techy/projects/Notification-Scala-Pet/notification-server/app/Tables/UserActivityEventTable.sc. Using presentation compiler with project's scala-library version: 2.13.18
2026.05.10 17:47:10 INFO  no build target found for /home/v-guhan-techy/projects/Notification-Scala-Pet/notification-server/app/Tables/UserActivityEventTable.sc. Using presentation compiler with project's scala-library version: 2.13.18
2026.05.10 17:47:10 INFO  no build target found for /home/v-guhan-techy/projects/Notification-Scala-Pet/notification-server/app/Tables/UserActivityEventTable.sc. Using presentation compiler with project's scala-library version: 2.13.18
2026.05.10 17:47:25 INFO  no build target found for /home/v-guhan-techy/projects/Notification-Scala-Pet/notification-server/app/Tables/UserActivityEventTable.sc. Using presentation compiler with project's scala-library version: 2.13.18
